// Jest Snapshot v1, https://goo.gl/fbAQLP

exports[`GifExpertApp Test Funciones GifExpertApp 1`] = `
<Fragment>
  <h2>
    GifExpertApp
  </h2>
  <AddCategory
    setCategories={[Function]}
  />
  <hr />
  <ol>
    <GifGrid
      category="one pice"
      key="one pice"
    />
  </ol>
</Fragment>
`;
