// Jest Snapshot v1, https://goo.gl/fbAQLP

exports[`GifGrid Test Funciones GifGrid 1`] = `
<div
  className="card-grid animate__animated animate__fadeIn"
>
  <h3 />
  <br />
  <p
    className="card-grid animate__animated animate__flash"
  >
    Loading...
  </p>
</div>
`;
