// Jest Snapshot v1, https://goo.gl/fbAQLP

exports[`GifGridItem Test Funciones GifGridItem 1`] = `
<div
  className="card animate__animated animate__bounce"
>
  <img
    alt="Hola mundo"
    src="https://localhost/algo.jpg"
  />
  <p>
    Hola mundo
  </p>
</div>
`;
